cvalveName,ts,rv
ControlValveInZA,2021-03-25 09:30:23.218498+00:00,0.092
ControlValveInZA,2021-03-25 09:31:23.218498+00:00,0.082
ControlValveInZA,2021-03-25 09:32:23.218498+00:00,0.072
ControlValveInZB,2021-03-25 09:30:23.218498+00:00,0.1337
ControlValveInZB,2021-03-25 09:31:23.218498+00:00,0.1338
ControlValveInZB,2021-03-25 09:32:23.218498+00:00,0.1339
ControlValveInCC,2021-03-25 09:30:23.218498+00:00,0.009
ControlValveInCC,2021-03-25 09:31:23.218498+00:00,0.01
ControlValveInCC,2021-03-25 09:32:23.218498+00:00,0.011
