cvalveName,cayValue,ts,rv,cayEU
ControlValveInCC,http://prediktor.com/paper_example#i_42_Value,2021-03-25 09:31:23.218498+00:00,0.01,%
ControlValveInCC,http://prediktor.com/paper_example#i_42_Value,2021-03-25 09:32:23.218498+00:00,0.011,%
