cvalveName,ts,y,cayEU,yr,cayrEU
ControlValveInZA,2021-03-25 09:31:23.218498,0.082,%,0.782,%
ControlValveInZA,2021-03-25 09:32:23.218498,0.072,%,0.772,%
ControlValveInZB,2021-03-25 09:31:23.218498,0.1338,%,0.7338,%
ControlValveInZB,2021-03-25 09:32:23.218498,0.1339,%,0.7339,%
ControlValveInCC,2021-03-25 09:31:23.218498,0.01,%,0.71,%
ControlValveInCC,2021-03-25 09:32:23.218498,0.011,%,0.711,%
