cvalveName,cayValue,rv,cayEU
ControlValveInZA,http://prediktor.com/paper_example#i_30_Value,0.092,%
ControlValveInZA,http://prediktor.com/paper_example#i_30_Value,0.082,%
ControlValveInZA,http://prediktor.com/paper_example#i_30_Value,0.072,%
ControlValveInZB,http://prediktor.com/paper_example#i_36_Value,0.1337,%
ControlValveInZB,http://prediktor.com/paper_example#i_36_Value,0.1338,%
ControlValveInZB,http://prediktor.com/paper_example#i_36_Value,0.1339,%
