cvalveName,rv,cayEU
ControlValveInZA,0.092,%
ControlValveInZA,0.082,%
ControlValveInZA,0.072,%
ControlValveInZB,0.1337,%
ControlValveInZB,0.1338,%
ControlValveInZB,0.1339,%
