node,name,eu
http://prediktor.com/paper_example#i_36,CA_Y,%
http://prediktor.com/paper_example#i_42,CA_Y,%
http://prediktor.com/paper_example#i_30,CA_Y,%
http://prediktor.com/paper_example#i_33,CA_YR,%
http://prediktor.com/paper_example#i_39,CA_YR,%
http://prediktor.com/paper_example#i_27,CA_YR,%
