node,name
http://prediktor.com/sparql_testcase#s_6,System6
http://prediktor.com/sparql_testcase#s_13,System13
http://prediktor.com/sparql_testcase#s_10,System10
http://prediktor.com/sparql_testcase#s_2,System2
http://prediktor.com/sparql_testcase#s_8,System8
http://prediktor.com/sparql_testcase#s_19,System19
http://prediktor.com/sparql_testcase#s_21,System21
http://prediktor.com/sparql_testcase#s_16,System16
http://prediktor.com/sparql_testcase#s_4,System4
