node
http://prediktor.com/sparql_testcase#s_12
http://prediktor.com/sparql_testcase#s_1
http://prediktor.com/sparql_testcase#s_8
http://prediktor.com/sparql_testcase#s_16
http://prediktor.com/sparql_testcase#s_20
